###############################################################################
#                                                                             #
# IAR ELF Linker V6.40.1.53790/W32 for ARM              28/Apr/2014  18:30:53 #
# Copyright 2007-2012 IAR Systems AB.                                         #
#                                                                             #
#    Output file  =  C:\Users\jhw7884\Desktop\test_1\Software\EvalBoards\TI\L #
#                    M3S9B92-EVALBOT\IAR\uCOS-III-App\Flash\Exe\uCOS-III-Ex4. #
#                    out                                                      #
#    Map file     =  C:\Users\jhw7884\Desktop\test_1\Software\EvalBoards\TI\L #
#                    M3S9B92-EVALBOT\IAR\uCOS-III-App\Flash\List\uCOS-III-Ex4 #
#                    .map                                                     #
#    Command line =  C:\Users\jhw7884\Desktop\test_1\Software\EvalBoards\TI\L #
#                    M3S9B92-EVALBOT\IAR\uCOS-III-App\Flash\Obj\BumperSenser. #
#                    o C:\Users\jhw7884\Desktop\test_1\Software\EvalBoards\TI #
#                    \LM3S9B92-EVALBOT\IAR\uCOS-III-App\Flash\Obj\ControlEval #
#                    bot.o C:\Users\jhw7884\Desktop\test_1\Software\EvalBoard #
#                    s\TI\LM3S9B92-EVALBOT\IAR\uCOS-III-App\Flash\Obj\Display #
#                    .o C:\Users\jhw7884\Desktop\test_1\Software\EvalBoards\T #
#                    I\LM3S9B92-EVALBOT\IAR\uCOS-III-App\Flash\Obj\adc.o      #
#                    C:\Users\jhw7884\Desktop\test_1\Software\EvalBoards\TI\L #
#                    M3S9B92-EVALBOT\IAR\uCOS-III-App\Flash\Obj\app_probe.o   #
#                    C:\Users\jhw7884\Desktop\test_1\Software\EvalBoards\TI\L #
#                    M3S9B92-EVALBOT\IAR\uCOS-III-App\Flash\Obj\app_vect.o    #
#                    C:\Users\jhw7884\Desktop\test_1\Software\EvalBoards\TI\L #
#                    M3S9B92-EVALBOT\IAR\uCOS-III-App\Flash\Obj\bsp.o         #
#                    C:\Users\jhw7884\Desktop\test_1\Software\EvalBoards\TI\L #
#                    M3S9B92-EVALBOT\IAR\uCOS-III-App\Flash\Obj\bsp_dac.o     #
#                    C:\Users\jhw7884\Desktop\test_1\Software\EvalBoards\TI\L #
#                    M3S9B92-EVALBOT\IAR\uCOS-III-App\Flash\Obj\bsp_display.o #
#                     C:\Users\jhw7884\Desktop\test_1\Software\EvalBoards\TI\ #
#                    LM3S9B92-EVALBOT\IAR\uCOS-III-App\Flash\Obj\bsp_int.o    #
#                    C:\Users\jhw7884\Desktop\test_1\Software\EvalBoards\TI\L #
#                    M3S9B92-EVALBOT\IAR\uCOS-III-App\Flash\Obj\bsp_io.o      #
#                    C:\Users\jhw7884\Desktop\test_1\Software\EvalBoards\TI\L #
#                    M3S9B92-EVALBOT\IAR\uCOS-III-App\Flash\Obj\bsp_motor.o   #
#                    C:\Users\jhw7884\Desktop\test_1\Software\EvalBoards\TI\L #
#                    M3S9B92-EVALBOT\IAR\uCOS-III-App\Flash\Obj\bsp_sensors.o #
#                     C:\Users\jhw7884\Desktop\test_1\Software\EvalBoards\TI\ #
#                    LM3S9B92-EVALBOT\IAR\uCOS-III-App\Flash\Obj\bsp_sound.o  #
#                    C:\Users\jhw7884\Desktop\test_1\Software\EvalBoards\TI\L #
#                    M3S9B92-EVALBOT\IAR\uCOS-III-App\Flash\Obj\bsp_wav.o     #
#                    C:\Users\jhw7884\Desktop\test_1\Software\EvalBoards\TI\L #
#                    M3S9B92-EVALBOT\IAR\uCOS-III-App\Flash\Obj\can.o         #
#                    C:\Users\jhw7884\Desktop\test_1\Software\EvalBoards\TI\L #
#                    M3S9B92-EVALBOT\IAR\uCOS-III-App\Flash\Obj\comp.o        #
#                    C:\Users\jhw7884\Desktop\test_1\Software\EvalBoards\TI\L #
#                    M3S9B92-EVALBOT\IAR\uCOS-III-App\Flash\Obj\cpu_.o        #
#                    C:\Users\jhw7884\Desktop\test_1\Software\EvalBoards\TI\L #
#                    M3S9B92-EVALBOT\IAR\uCOS-III-App\Flash\Obj\cpu_a.o       #
#                    C:\Users\jhw7884\Desktop\test_1\Software\EvalBoards\TI\L #
#                    M3S9B92-EVALBOT\IAR\uCOS-III-App\Flash\Obj\cpu_bsp.o     #
#                    C:\Users\jhw7884\Desktop\test_1\Software\EvalBoards\TI\L #
#                    M3S9B92-EVALBOT\IAR\uCOS-III-App\Flash\Obj\cpu_c.o       #
#                    C:\Users\jhw7884\Desktop\test_1\Software\EvalBoards\TI\L #
#                    M3S9B92-EVALBOT\IAR\uCOS-III-App\Flash\Obj\cpu_core.o    #
#                    C:\Users\jhw7884\Desktop\test_1\Software\EvalBoards\TI\L #
#                    M3S9B92-EVALBOT\IAR\uCOS-III-App\Flash\Obj\epi.o         #
#                    C:\Users\jhw7884\Desktop\test_1\Software\EvalBoards\TI\L #
#                    M3S9B92-EVALBOT\IAR\uCOS-III-App\Flash\Obj\ethernet.o    #
#                    C:\Users\jhw7884\Desktop\test_1\Software\EvalBoards\TI\L #
#                    M3S9B92-EVALBOT\IAR\uCOS-III-App\Flash\Obj\flash.o       #
#                    C:\Users\jhw7884\Desktop\test_1\Software\EvalBoards\TI\L #
#                    M3S9B92-EVALBOT\IAR\uCOS-III-App\Flash\Obj\gpio.o        #
#                    C:\Users\jhw7884\Desktop\test_1\Software\EvalBoards\TI\L #
#                    M3S9B92-EVALBOT\IAR\uCOS-III-App\Flash\Obj\hibernate.o   #
#                    C:\Users\jhw7884\Desktop\test_1\Software\EvalBoards\TI\L #
#                    M3S9B92-EVALBOT\IAR\uCOS-III-App\Flash\Obj\i2c.o         #
#                    C:\Users\jhw7884\Desktop\test_1\Software\EvalBoards\TI\L #
#                    M3S9B92-EVALBOT\IAR\uCOS-III-App\Flash\Obj\i2s.o         #
#                    C:\Users\jhw7884\Desktop\test_1\Software\EvalBoards\TI\L #
#                    M3S9B92-EVALBOT\IAR\uCOS-III-App\Flash\Obj\interrupt.o   #
#                    C:\Users\jhw7884\Desktop\test_1\Software\EvalBoards\TI\L #
#                    M3S9B92-EVALBOT\IAR\uCOS-III-App\Flash\Obj\lib_ascii.o   #
#                    C:\Users\jhw7884\Desktop\test_1\Software\EvalBoards\TI\L #
#                    M3S9B92-EVALBOT\IAR\uCOS-III-App\Flash\Obj\lib_math.o    #
#                    C:\Users\jhw7884\Desktop\test_1\Software\EvalBoards\TI\L #
#                    M3S9B92-EVALBOT\IAR\uCOS-III-App\Flash\Obj\lib_mem.o     #
#                    C:\Users\jhw7884\Desktop\test_1\Software\EvalBoards\TI\L #
#                    M3S9B92-EVALBOT\IAR\uCOS-III-App\Flash\Obj\lib_str.o     #
#                    C:\Users\jhw7884\Desktop\test_1\Software\EvalBoards\TI\L #
#                    M3S9B92-EVALBOT\IAR\uCOS-III-App\Flash\Obj\mpu.o         #
#                    C:\Users\jhw7884\Desktop\test_1\Software\EvalBoards\TI\L #
#                    M3S9B92-EVALBOT\IAR\uCOS-III-App\Flash\Obj\os_app_hooks. #
#                    o C:\Users\jhw7884\Desktop\test_1\Software\EvalBoards\TI #
#                    \LM3S9B92-EVALBOT\IAR\uCOS-III-App\Flash\Obj\os_cfg_app. #
#                    o C:\Users\jhw7884\Desktop\test_1\Software\EvalBoards\TI #
#                    \LM3S9B92-EVALBOT\IAR\uCOS-III-App\Flash\Obj\os_core.o   #
#                    C:\Users\jhw7884\Desktop\test_1\Software\EvalBoards\TI\L #
#                    M3S9B92-EVALBOT\IAR\uCOS-III-App\Flash\Obj\os_cpu_a.o    #
#                    C:\Users\jhw7884\Desktop\test_1\Software\EvalBoards\TI\L #
#                    M3S9B92-EVALBOT\IAR\uCOS-III-App\Flash\Obj\os_cpu_c.o    #
#                    C:\Users\jhw7884\Desktop\test_1\Software\EvalBoards\TI\L #
#                    M3S9B92-EVALBOT\IAR\uCOS-III-App\Flash\Obj\os_dbg.o      #
#                    C:\Users\jhw7884\Desktop\test_1\Software\EvalBoards\TI\L #
#                    M3S9B92-EVALBOT\IAR\uCOS-III-App\Flash\Obj\os_flag.o     #
#                    C:\Users\jhw7884\Desktop\test_1\Software\EvalBoards\TI\L #
#                    M3S9B92-EVALBOT\IAR\uCOS-III-App\Flash\Obj\os_int.o      #
#                    C:\Users\jhw7884\Desktop\test_1\Software\EvalBoards\TI\L #
#                    M3S9B92-EVALBOT\IAR\uCOS-III-App\Flash\Obj\os_mem.o      #
#                    C:\Users\jhw7884\Desktop\test_1\Software\EvalBoards\TI\L #
#                    M3S9B92-EVALBOT\IAR\uCOS-III-App\Flash\Obj\os_msg.o      #
#                    C:\Users\jhw7884\Desktop\test_1\Software\EvalBoards\TI\L #
#                    M3S9B92-EVALBOT\IAR\uCOS-III-App\Flash\Obj\os_mutex.o    #
#                    C:\Users\jhw7884\Desktop\test_1\Software\EvalBoards\TI\L #
#                    M3S9B92-EVALBOT\IAR\uCOS-III-App\Flash\Obj\os_pend_multi #
#                    .o C:\Users\jhw7884\Desktop\test_1\Software\EvalBoards\T #
#                    I\LM3S9B92-EVALBOT\IAR\uCOS-III-App\Flash\Obj\os_prio.o  #
#                    C:\Users\jhw7884\Desktop\test_1\Software\EvalBoards\TI\L #
#                    M3S9B92-EVALBOT\IAR\uCOS-III-App\Flash\Obj\os_q.o        #
#                    C:\Users\jhw7884\Desktop\test_1\Software\EvalBoards\TI\L #
#                    M3S9B92-EVALBOT\IAR\uCOS-III-App\Flash\Obj\os_sem.o      #
#                    C:\Users\jhw7884\Desktop\test_1\Software\EvalBoards\TI\L #
#                    M3S9B92-EVALBOT\IAR\uCOS-III-App\Flash\Obj\os_stat.o     #
#                    C:\Users\jhw7884\Desktop\test_1\Software\EvalBoards\TI\L #
#                    M3S9B92-EVALBOT\IAR\uCOS-III-App\Flash\Obj\os_task.o     #
#                    C:\Users\jhw7884\Desktop\test_1\Software\EvalBoards\TI\L #
#                    M3S9B92-EVALBOT\IAR\uCOS-III-App\Flash\Obj\os_tick.o     #
#                    C:\Users\jhw7884\Desktop\test_1\Software\EvalBoards\TI\L #
#                    M3S9B92-EVALBOT\IAR\uCOS-III-App\Flash\Obj\os_time.o     #
#                    C:\Users\jhw7884\Desktop\test_1\Software\EvalBoards\TI\L #
#                    M3S9B92-EVALBOT\IAR\uCOS-III-App\Flash\Obj\os_tmr.o      #
#                    C:\Users\jhw7884\Desktop\test_1\Software\EvalBoards\TI\L #
#                    M3S9B92-EVALBOT\IAR\uCOS-III-App\Flash\Obj\os_var.o      #
#                    C:\Users\jhw7884\Desktop\test_1\Software\EvalBoards\TI\L #
#                    M3S9B92-EVALBOT\IAR\uCOS-III-App\Flash\Obj\pid.o         #
#                    C:\Users\jhw7884\Desktop\test_1\Software\EvalBoards\TI\L #
#                    M3S9B92-EVALBOT\IAR\uCOS-III-App\Flash\Obj\proc.o        #
#                    C:\Users\jhw7884\Desktop\test_1\Software\EvalBoards\TI\L #
#                    M3S9B92-EVALBOT\IAR\uCOS-III-App\Flash\Obj\pwm.o         #
#                    C:\Users\jhw7884\Desktop\test_1\Software\EvalBoards\TI\L #
#                    M3S9B92-EVALBOT\IAR\uCOS-III-App\Flash\Obj\qei.o         #
#                    C:\Users\jhw7884\Desktop\test_1\Software\EvalBoards\TI\L #
#                    M3S9B92-EVALBOT\IAR\uCOS-III-App\Flash\Obj\random.o      #
#                    C:\Users\jhw7884\Desktop\test_1\Software\EvalBoards\TI\L #
#                    M3S9B92-EVALBOT\IAR\uCOS-III-App\Flash\Obj\ssi.o         #
#                    C:\Users\jhw7884\Desktop\test_1\Software\EvalBoards\TI\L #
#                    M3S9B92-EVALBOT\IAR\uCOS-III-App\Flash\Obj\sysctl.o      #
#                    C:\Users\jhw7884\Desktop\test_1\Software\EvalBoards\TI\L #
#                    M3S9B92-EVALBOT\IAR\uCOS-III-App\Flash\Obj\systick.o     #
#                    C:\Users\jhw7884\Desktop\test_1\Software\EvalBoards\TI\L #
#                    M3S9B92-EVALBOT\IAR\uCOS-III-App\Flash\Obj\timer.o       #
#                    C:\Users\jhw7884\Desktop\test_1\Software\EvalBoards\TI\L #
#                    M3S9B92-EVALBOT\IAR\uCOS-III-App\Flash\Obj\uart.o        #
#                    C:\Users\jhw7884\Desktop\test_1\Software\EvalBoards\TI\L #
#                    M3S9B92-EVALBOT\IAR\uCOS-III-App\Flash\Obj\udma.o        #
#                    C:\Users\jhw7884\Desktop\test_1\Software\EvalBoards\TI\L #
#                    M3S9B92-EVALBOT\IAR\uCOS-III-App\Flash\Obj\usb.o         #
#                    C:\Users\jhw7884\Desktop\test_1\Software\EvalBoards\TI\L #
#                    M3S9B92-EVALBOT\IAR\uCOS-III-App\Flash\Obj\watchdog.o    #
#                    --redirect _Printf=_PrintfFull --redirect                #
#                    _Scanf=_ScanfFull -o C:\Users\jhw7884\Desktop\test_1\Sof #
#                    tware\EvalBoards\TI\LM3S9B92-EVALBOT\IAR\uCOS-III-App\Fl #
#                    ash\Exe\uCOS-III-Ex4.out --map                           #
#                    C:\Users\jhw7884\Desktop\test_1\Software\EvalBoards\TI\L #
#                    M3S9B92-EVALBOT\IAR\uCOS-III-App\Flash\List\uCOS-III-Ex4 #
#                    .map --config C:\Users\jhw7884\Desktop\test_1\Software\E #
#                    valBoards\TI\LM3S9B92-EVALBOT\IAR\uCOS-III-App\..\BSP\LM #
#                    3S9B92_Flash.icf --semihosting --entry                   #
#                    __iar_program_start --inline --merge_duplicate_sections  #
#                    --vfe                                                    #
#                                                                             #
#                                                                             #
###############################################################################

*******************************************************************************
*** RUNTIME MODEL ATTRIBUTES
***

CppFlavor       = *
__Heap_Handler  = Basic
__SystemLibrary = DLib


*******************************************************************************
*** PLACEMENT SUMMARY
***

"A1":  place at start of [0x00000000-0x0003ffff] { ro section .intvec };
"P1":  place in [from 0x00000000 to 0x0003ffff] { ro };
"P7":  place in [from 0x20000000 to 0x20017fff] { rw, block HEAP, block CSTACK };

  Section            Kind        Address    Size  Object
  -------            ----        -------    ----  ------
"A1":                                      0x11c
  .intvec            const    0x00000000   0x11c  app_vect.o [1]
                            - 0x0000011c   0x11c

"P1":                                     0x7098
  .text              ro code  0x0000011c  0x145e  proc.o [1]
  .text              ro code  0x0000157a    0x22  zero_init3.o [5]
  .text              ro code  0x0000159c   0x7a4  os_mutex.o [1]
  .text              ro code  0x00001d40   0x35c  bsp_display.o [1]
  .text              ro code  0x0000209c   0x8bc  os_flag.o [1]
  .text              ro code  0x00002958   0xb34  os_task.o [1]
  .text              ro code  0x0000348c   0x25e  bsp_int.o [1]
  .rodata            const    0x000036ea     0x2  os_cfg_app.o [1]
  .text              ro code  0x000036ec   0x9fe  os_core.o [1]
  .rodata            const    0x000040ea     0x2  os_cfg_app.o [1]
  CODE               ro code  0x000040ec    0x2a  cpu_a.o [1]
  .rodata            const    0x00004116     0x2  os_cfg_app.o [1]
  .text              ro code  0x00004118   0x1b4  cpu_core.o [1]
  .text              ro code  0x000042cc    0xac  bsp.o [1]
  .text              ro code  0x00004378   0x39c  lib_mem.o [1]
  .text              ro code  0x00004714   0x490  sysctl.o [1]
  .text              ro code  0x00004ba4    0x40  ethernet.o [1]
  .text              ro code  0x00004be4   0x1c4  os_cpu_c.o [1]
  .text              ro code  0x00004da8    0x80  xxmemxfree.o [3]
  .text              ro code  0x00004e28     0x4  exit.o [3]
  .text              ro code  0x00004e2c    0x6c  os_time.o [1]
  .text              ro code  0x00004e98    0xe8  lib_str.o [1]
  .text              ro code  0x00004f80    0xa0  os_prio.o [1]
  .text              ro code  0x00005020    0xa2  i2c.o [1]
  .rodata            const    0x000050c2     0x1  os_cfg_app.o [1]
  .rodata            const    0x000050c3     0x1  os_cfg_app.o [1]
  .text              ro code  0x000050c4   0x288  gpio.o [1]
  .text              ro code  0x0000534c   0x3b8  os_int.o [1]
  .text              ro code  0x00005704   0x1bc  os_msg.o [1]
  .text              ro code  0x000058c0   0x518  os_tick.o [1]
  .text              ro code  0x00005dd8   0x14c  cpu_c.o [1]
  .text              ro code  0x00005f24    0x14  os_mem.o [1]
  .text              ro code  0x00005f38   0x310  os_tmr.o [1]
  .text              ro code  0x00006248   0x11c  os_cfg_app.o [1]
  CODE               ro code  0x00006364    0x84  os_cpu_a.o [1]
  .text              ro code  0x000063e8    0x2c  cpu_bsp.o [1]
  .text              ro code  0x00006414    0x6c  bsp_io.o [1]
  .text              ro code  0x00006480   0x108  bsp_sensors.o [1]
  .text              ro code  0x00006588    0xf0  bsp_motor.o [1]
  .text              ro code  0x00006678     0xa  cexit.o [5]
  .text              ro code  0x00006682    0x82  pwm.o [1]
  .text              ro code  0x00006704    0x14  exit.o [6]
  .text              ro code  0x00006718    0x30  iarttio.o [6]
  .text              ro code  0x00006748     0x8  XShttio.o [3]
  .rodata            const    0x00006750   0x1dc  bsp_display.o [1]
  .text              ro code  0x0000692c    0xee  ControlEvalbot.o [1]
  .text              ro code  0x00006a1c    0xa6  Display.o [1]
  .text              ro code  0x00006ac2    0xa6  packbits_init3.o [5]
  .text              ro code  0x00006b68    0x86  BumperSenser.o [1]
  .rodata            const    0x00006bf0    0x5c  sysctl.o [1]
  .rodata            const    0x00006c4c    0x50  bsp_display.o [1]
  .rodata            const    0x00006c9c    0x48  gpio.o [1]
  .text              ro code  0x00006ce4    0x28  data_init3.o [5]
  .rodata            const    0x00006d0c    0x24  Display.o [1]
  .iar.init_table    const    0x00006d30    0x2c  - Linker created -
  .rodata            const    0x00006d5c    0x1c  os_int.o [1]
  .rodata            const    0x00006d78    0x18  os_tmr.o [1]
  .rodata            const    0x00006d90    0x18  proc.o [1]
  .rodata            const    0x00006da8    0x18  proc.o [1]
  .rodata            const    0x00006dc0    0x18  proc.o [1]
  .rodata            const    0x00006dd8    0x18  proc.o [1]
  .rodata            const    0x00006df0    0x18  proc.o [1]
  .text              ro code  0x00006e08    0x16  cmain.o [5]
  .rodata            const    0x00006e20    0x14  Display.o [1]
  .rodata            const    0x00006e34    0x14  Display.o [1]
  .rodata            const    0x00006e48    0x14  Display.o [1]
  .rodata            const    0x00006e5c    0x14  os_core.o [1]
  .rodata            const    0x00006e70    0x14  os_tick.o [1]
  .rodata            const    0x00006e84    0x14  proc.o [1]
  .rodata            const    0x00006e98    0x14  proc.o [1]
  .rodata            const    0x00006eac    0x14  proc.o [1]
  .rodata            const    0x00006ec0    0x14  proc.o [1]
  .rodata            const    0x00006ed4    0x14  proc.o [1]
  .rodata            const    0x00006ee8    0x14  proc.o [1]
  .rodata            const    0x00006efc    0x14  proc.o [1]
  .rodata            const    0x00006f10    0x10  ControlEvalbot.o [1]
  .rodata            const    0x00006f20    0x10  proc.o [1]
  .rodata            const    0x00006f30    0x10  proc.o [1]
  .rodata            const    0x00006f40     0xc  proc.o [1]
  .rodata            const    0x00006f4c     0xc  sysctl.o [1]
  .rodata            const    0x00006f58     0xc  sysctl.o [1]
  .rodata            const    0x00006f64     0xc  sysctl.o [1]
  .text              ro code  0x00006f70     0xc  app_vect.o [1]
  .text              ro code  0x00006f7c     0xc  cstartup_M.o [5]
  .rodata            const    0x00006f88     0x8  ControlEvalbot.o [1]
  .rodata            const    0x00006f90     0x8  ControlEvalbot.o [1]
  .rodata            const    0x00006f98     0x8  ControlEvalbot.o [1]
  .rodata            const    0x00006fa0     0x8  bsp_display.o [1]
  .rodata            const    0x00006fa8     0x8  bsp_display.o [1]
  .rodata            const    0x00006fb0     0x8  os_flag.o [1]
  .rodata            const    0x00006fb8     0x8  os_mutex.o [1]
  .rodata            const    0x00006fc0     0x8  os_task.o [1]
  .rodata            const    0x00006fc8     0x8  proc.o [1]
  .rodata            const    0x00006fd0     0x8  proc.o [1]
  .rodata            const    0x00006fd8     0x4  os_cfg_app.o [1]
  .rodata            const    0x00006fdc     0x4  os_cfg_app.o [1]
  .rodata            const    0x00006fe0     0x4  os_cfg_app.o [1]
  .rodata            const    0x00006fe4     0x4  os_cfg_app.o [1]
  .rodata            const    0x00006fe8     0x4  os_cfg_app.o [1]
  .rodata            const    0x00006fec     0x4  os_cfg_app.o [1]
  .rodata            const    0x00006ff0     0x4  os_cfg_app.o [1]
  .rodata            const    0x00006ff4     0x4  os_cfg_app.o [1]
  .rodata            const    0x00006ff8     0x4  os_cfg_app.o [1]
  .rodata            const    0x00006ffc     0x4  os_cfg_app.o [1]
  .rodata            const    0x00007000     0x4  os_cfg_app.o [1]
  .rodata            const    0x00007004     0x4  os_cfg_app.o [1]
  .rodata            const    0x00007008     0x4  os_cfg_app.o [1]
  .rodata            const    0x0000700c     0x4  os_cfg_app.o [1]
  .rodata            const    0x00007010     0x4  os_cfg_app.o [1]
  .rodata            const    0x00007014     0x4  os_cfg_app.o [1]
  .rodata            const    0x00007018     0x4  os_cfg_app.o [1]
  .rodata            const    0x0000701c     0x4  proc.o [1]
  .rodata            const    0x00007020     0x4  proc.o [1]
  .rodata            const    0x00007024     0x0  zero_init3.o [5]
  .rodata            const    0x00007024     0x0  packbits_init3.o [5]
  Initializer bytes  ro data  0x00007024   0x18f  <for P7 s0>
                            - 0x000071b3  0x7097

"P7", part 1 of 3:                        0x3454
  P7 s0                       0x20000000  0x3454  <Init block>
    .data            inited   0x20000000  0x3324  proc.o [1]
    .data            inited   0x20003324    0x84  proc.o [1]
    .data            inited   0x200033a8    0x64  proc.o [1]
    .data            inited   0x2000340c    0x28  proc.o [1]
    .data            inited   0x20003434    0x14  proc.o [1]
    .data            inited   0x20003448     0x8  XShttio.o [3]
    .data            inited   0x20003450     0x4  bsp_display.o [1]
                            - 0x20003454  0x3454

"P7", part 2 of 3:                        0x2c3c
  .bss               zero     0x20003454  0x1000  proc.o [1]
  .bss               zero     0x20004454   0x640  os_cfg_app.o [1]
  .bss               zero     0x20004a94   0x400  lib_mem.o [1]
  .bss               zero     0x20004e94   0x200  os_cfg_app.o [1]
  .bss               zero     0x20005094   0x200  os_cfg_app.o [1]
  .bss               zero     0x20005294   0x200  os_cfg_app.o [1]
  .bss               zero     0x20005494   0x200  os_cfg_app.o [1]
  .bss               zero     0x20005694   0x200  os_cfg_app.o [1]
  .bss               zero     0x20005894   0x140  os_cfg_app.o [1]
  .bss               zero     0x200059d4   0x118  bsp_int.o [1]
  .bss               zero     0x20005aec    0x88  os_var.o [1]
  .bss               zero     0x20005b74    0x88  os_var.o [1]
  .bss               zero     0x20005bfc    0x88  os_var.o [1]
  .bss               zero     0x20005c84    0x88  os_var.o [1]
  .bss               zero     0x20005d0c    0x88  proc.o [1]
  .bss               zero     0x20005d94    0x70  proc.o [1]
  .bss               zero     0x20005e04    0x68  os_cfg_app.o [1]
  .bss               zero     0x20005e6c    0x68  os_cfg_app.o [1]
  .bss               zero     0x20005ed4    0x60  os_var.o [1]
  .bss               zero     0x20005f34    0x44  lib_mem.o [1]
  .bss               zero     0x20005f78    0x20  proc.o [1]
  .bss               zero     0x20005f98    0x10  cpu_core.o [1]
  .bss               zero     0x20005fa8     0xc  proc.o [1]
  .bss               zero     0x20005fb4     0x8  os_var.o [1]
  .bss               zero     0x20005fbc     0x8  xxmemxmalloc.o [3]
  .bss               zero     0x20005fc4     0x4  BumperSenser.o [1]
  .bss               zero     0x20005fc8     0x4  ControlEvalbot.o [1]
  .bss               zero     0x20005fcc     0x4  ControlEvalbot.o [1]
  .bss               zero     0x20005fd0     0x4  ControlEvalbot.o [1]
  .bss               zero     0x20005fd4     0x4  Display.o [1]
  .bss               zero     0x20005fd8     0x4  bsp.o [1]
  .bss               zero     0x20005fdc     0x4  bsp_display.o [1]
  .bss               zero     0x20005fe0     0x4  cpu_core.o [1]
  .bss               zero     0x20005fe4     0x4  cpu_core.o [1]
  .bss               zero     0x20005fe8     0x4  cpu_core.o [1]
  .bss               zero     0x20005fec     0x4  cpu_core.o [1]
  .bss               zero     0x20005ff0     0x4  cpu_core.o [1]
  .bss               zero     0x20005ff4     0x4  cpu_core.o [1]
  .bss               zero     0x20005ff8     0x4  lib_mem.o [1]
  .bss               zero     0x20005ffc     0x4  os_cpu_c.o [1]
  .bss               zero     0x20006000     0x4  os_prio.o [1]
  .bss               zero     0x20006004     0x4  os_var.o [1]
  .bss               zero     0x20006008     0x4  os_var.o [1]
  .bss               zero     0x2000600c     0x4  os_var.o [1]
  .bss               zero     0x20006010     0x4  os_var.o [1]
  .bss               zero     0x20006014     0x4  os_var.o [1]
  .bss               zero     0x20006018     0x4  os_var.o [1]
  .bss               zero     0x2000601c     0x4  os_var.o [1]
  .bss               zero     0x20006020     0x4  os_var.o [1]
  .bss               zero     0x20006024     0x4  os_var.o [1]
  .bss               zero     0x20006028     0x4  os_var.o [1]
  .bss               zero     0x2000602c     0x4  os_var.o [1]
  .bss               zero     0x20006030     0x4  os_var.o [1]
  .bss               zero     0x20006034     0x4  os_var.o [1]
  .bss               zero     0x20006038     0x4  os_var.o [1]
  .bss               zero     0x2000603c     0x4  os_var.o [1]
  .bss               zero     0x20006040     0x4  os_var.o [1]
  .bss               zero     0x20006044     0x4  os_var.o [1]
  .bss               zero     0x20006048     0x4  os_var.o [1]
  .bss               zero     0x2000604c     0x4  os_var.o [1]
  .bss               zero     0x20006050     0x4  os_var.o [1]
  .bss               zero     0x20006054     0x4  proc.o [1]
  .bss               zero     0x20006058     0x4  proc.o [1]
  .bss               zero     0x2000605c     0x4  proc.o [1]
  .bss               zero     0x20006060     0x4  proc.o [1]
  .bss               zero     0x20006064     0x4  proc.o [1]
  .bss               zero     0x20006068     0x4  proc.o [1]
  .bss               zero     0x2000606c     0x4  proc.o [1]
  .bss               zero     0x20006070     0x2  cpu_core.o [1]
  .bss               zero     0x20006072     0x2  cpu_core.o [1]
  .bss               zero     0x20006074     0x2  os_var.o [1]
  .bss               zero     0x20006076     0x2  os_var.o [1]
  .bss               zero     0x20006078     0x2  os_var.o [1]
  .bss               zero     0x2000607a     0x2  os_var.o [1]
  .bss               zero     0x2000607c     0x2  os_var.o [1]
  .bss               zero     0x2000607e     0x2  os_var.o [1]
  .bss               zero     0x20006080     0x2  os_var.o [1]
  .bss               zero     0x20006082     0x1  os_var.o [1]
  .bss               zero     0x20006083     0x1  os_var.o [1]
  .bss               zero     0x20006084     0x1  os_var.o [1]
  .bss               zero     0x20006085     0x1  os_var.o [1]
  .bss               zero     0x20006086     0x1  os_var.o [1]
  .bss               zero     0x20006087     0x1  os_var.o [1]
  .bss               zero     0x20006088     0x1  proc.o [1]
  .bss               zero     0x20006089     0x1  proc.o [1]
  .bss               zero     0x2000608a     0x1  proc.o [1]
                            - 0x2000608b  0x2c37

"P7", part 3 of 3:                         0x400
  CSTACK                      0x20006090   0x400  <Block>
    CSTACK           uninit   0x20006090   0x400  <Block tail>
                            - 0x20006490   0x400


*******************************************************************************
*** INIT TABLE
***

          Address     Size
          -------     ----
Zero (__iar_zero_init3)
    1 destination range, total size 0x2c37:
          0x20003454  0x2c37

Copy/packbits (__iar_packbits_init3)
    1 source range, total size 0x18f (2% of destination):
          0x00007024   0x18f
    1 destination range, total size 0x3454:
          0x20000000  0x3454



*******************************************************************************
*** MODULE SUMMARY
***

    Module            ro code  ro data  rw data
    ------            -------  -------  -------
C:\Users\jhw7884\Desktop\test_1\Software\EvalBoards\TI\LM3S9B92-EVALBOT\IAR\uCOS-III-App\Flash\Obj: [1]
    BumperSenser.o        134                 4
    ControlEvalbot.o      238       40       12
    Display.o             166       96        4
    app_vect.o             12      284
    bsp.o                 172                 4
    bsp_display.o         860      573        8
    bsp_int.o             606               280
    bsp_io.o              108
    bsp_motor.o           240
    bsp_sensors.o         264
    cpu_a.o                42
    cpu_bsp.o              44
    cpu_c.o               332
    cpu_core.o            436                44
    ethernet.o             64
    gpio.o                648       72
    i2c.o                 162
    lib_mem.o             924             1 096
    lib_str.o             232
    os_cfg_app.o          284       76    4 688
    os_core.o           2 558       20
    os_cpu_a.o            132
    os_cpu_c.o            452                 4
    os_flag.o           2 236        8
    os_int.o              952       28
    os_mem.o               20
    os_msg.o              444
    os_mutex.o          1 956        8
    os_prio.o             160                 4
    os_task.o           2 868        8
    os_tick.o           1 304       20
    os_time.o             108
    os_tmr.o              784       24
    os_var.o                                748
    proc.o              5 214      726   17 803
    pwm.o                 130
    sysctl.o            1 168      128
    -------------------------------------------
    Total:             26 454    2 111   24 699

command line: [2]
    -------------------------------------------
    Total:

dl7M_tln.a: [3]
    XShttio.o               8                 8
    exit.o                  4
    xxmemxfree.o          128
    xxmemxmalloc.o                            8
    -------------------------------------------
    Total:                140                16

m7M_tl.a: [4]
    -------------------------------------------
    Total:

rt7M_tl.a: [5]
    cexit.o                10
    cmain.o                22
    cstartup_M.o           12
    data_init3.o           40
    packbits_init3.o      166
    zero_init3.o           34
    -------------------------------------------
    Total:                284

shb_l.a: [6]
    exit.o                 20
    iarttio.o              48
    -------------------------------------------
    Total:                 68

    Gaps                    2        4
    Linker created                  44    1 024
-----------------------------------------------
    Grand Total:       26 948    2 159   25 739


*******************************************************************************
*** ENTRY LIST
***

Entry                      Address    Size  Type      Object
-----                      -------    ----  ----      ------
?main                   0x00006e09          Code  Gb  cmain.o [5]
AppTaskRobotStart       0x00001559    0x22  Code  Lc  proc.o [1]
AppTaskRobotStartStk    0x20003454  0x1000  Data  Lc  proc.o [1]
AppTaskRobotStartTCB    0x20005d0c    0x88  Data  Lc  proc.o [1]
App_BusFault_ISR        0x00006f75     0x2  Code  Lc  app_vect.o [1]
App_Fault_ISR           0x00006f73     0x2  Code  Lc  app_vect.o [1]
App_MemFault_ISR        0x00006f79     0x2  Code  Lc  app_vect.o [1]
App_NMI_ISR             0x00006f71     0x2  Code  Lc  app_vect.o [1]
App_Spurious_ISR        0x00006f7b     0x2  Code  Lc  app_vect.o [1]
App_UsageFault_ISR      0x00006f77     0x2  Code  Lc  app_vect.o [1]
BSP_BumpSensorGetStatus
                        0x00006499    0x40  Code  Gb  bsp_sensors.o [1]
BSP_BumpSensorsInit     0x00006481    0x18  Code  Gb  bsp_sensors.o [1]
BSP_CPUClkFreq          0x00004331    0x16  Code  Gb  bsp.o [1]
BSP_CPU_ClkFreq_MHz     0x20005fd8     0x4  Data  Gb  bsp.o [1]
BSP_DisplayClear        0x00001e31    0x54  Code  Gb  bsp_display.o [1]
BSP_DisplayInit         0x00001f8d    0xda  Code  Gb  bsp_display.o [1]
BSP_DisplayOn           0x00001f4f    0x3e  Code  Gb  bsp_display.o [1]
BSP_DisplayStringDraw   0x00001e85    0xca  Code  Gb  bsp_display.o [1]
BSP_DisplayWriteArray   0x00001d9d    0x48  Code  Lc  bsp_display.o [1]
BSP_DisplayWriteByte    0x00001d69    0x34  Code  Lc  bsp_display.o [1]
BSP_DisplayWriteFinal   0x00001de5    0x4c  Code  Lc  bsp_display.o [1]
BSP_DisplayWriteFirst   0x00001d41    0x28  Code  Lc  bsp_display.o [1]
BSP_Init                0x000042cd    0x64  Code  Gb  bsp.o [1]
BSP_IntDisAll           0x0000348d     0x8  Code  Gb  bsp_int.o [1]
BSP_IntEn               0x00003495    0x14  Code  Gb  bsp_int.o [1]
BSP_IntHandler          0x000036c1    0x22  Code  Lc  bsp_int.o [1]
BSP_IntHandlerADC0      0x00003545     0xa  Code  Gb  bsp_int.o [1]
BSP_IntHandlerADC1      0x0000354f     0xa  Code  Gb  bsp_int.o [1]
BSP_IntHandlerADC1_0    0x0000367b     0xa  Code  Gb  bsp_int.o [1]
BSP_IntHandlerADC1_1    0x00003685     0xa  Code  Gb  bsp_int.o [1]
BSP_IntHandlerADC1_2    0x0000368f     0xa  Code  Gb  bsp_int.o [1]
BSP_IntHandlerADC1_3    0x00003699     0xa  Code  Gb  bsp_int.o [1]
BSP_IntHandlerADC2      0x00003559     0xa  Code  Gb  bsp_int.o [1]
BSP_IntHandlerADC3      0x00003563     0xa  Code  Gb  bsp_int.o [1]
BSP_IntHandlerCAN0      0x00003635     0xa  Code  Gb  bsp_int.o [1]
BSP_IntHandlerCAN1      0x0000363f     0xa  Code  Gb  bsp_int.o [1]
BSP_IntHandlerCOMP0     0x000035b3     0xa  Code  Gb  bsp_int.o [1]
BSP_IntHandlerCOMP1     0x000035bd     0xa  Code  Gb  bsp_int.o [1]
BSP_IntHandlerCOMP2     0x000035c7     0xa  Code  Gb  bsp_int.o [1]
BSP_IntHandlerDummy     0x000036e9     0x2  Code  Lc  bsp_int.o [1]
BSP_IntHandlerEPI       0x000036ad     0xa  Code  Gb  bsp_int.o [1]
BSP_IntHandlerETH       0x00003649     0xa  Code  Gb  bsp_int.o [1]
BSP_IntHandlerFLASH     0x000035db     0xa  Code  Gb  bsp_int.o [1]
BSP_IntHandlerGPIOA     0x000034eb     0xa  Code  Gb  bsp_int.o [1]
BSP_IntHandlerGPIOB     0x000034f5     0xa  Code  Gb  bsp_int.o [1]
BSP_IntHandlerGPIOC     0x000034ff     0xa  Code  Gb  bsp_int.o [1]
BSP_IntHandlerGPIOD     0x00003509     0xa  Code  Gb  bsp_int.o [1]
BSP_IntHandlerGPIOE     0x00003513     0xa  Code  Gb  bsp_int.o [1]
BSP_IntHandlerGPIOF     0x000035e5     0xa  Code  Gb  bsp_int.o [1]
BSP_IntHandlerGPIOG     0x000035ef     0xa  Code  Gb  bsp_int.o [1]
BSP_IntHandlerGPIOH     0x000035f9     0xa  Code  Gb  bsp_int.o [1]
BSP_IntHandlerGPIOJ     0x000036b7     0xa  Code  Gb  bsp_int.o [1]
BSP_IntHandlerHIBERNATE
                        0x00003653     0xa  Code  Gb  bsp_int.o [1]
BSP_IntHandlerI2C0      0x0000353b     0xa  Code  Gb  bsp_int.o [1]
BSP_IntHandlerI2C1      0x0000362b     0xa  Code  Gb  bsp_int.o [1]
BSP_IntHandlerI2S0      0x000036a3     0xa  Code  Gb  bsp_int.o [1]
BSP_IntHandlerSSI0      0x00003531     0xa  Code  Gb  bsp_int.o [1]
BSP_IntHandlerSSI1      0x0000360d     0xa  Code  Gb  bsp_int.o [1]
BSP_IntHandlerSYSCTL    0x000035d1     0xa  Code  Gb  bsp_int.o [1]
BSP_IntHandlerTIMER0A   0x00003577     0xa  Code  Gb  bsp_int.o [1]
BSP_IntHandlerTIMER0B   0x00003581     0xa  Code  Gb  bsp_int.o [1]
BSP_IntHandlerTIMER1A   0x0000358b     0xa  Code  Gb  bsp_int.o [1]
BSP_IntHandlerTIMER1B   0x00003595     0xa  Code  Gb  bsp_int.o [1]
BSP_IntHandlerTIMER2A   0x0000359f     0xa  Code  Gb  bsp_int.o [1]
BSP_IntHandlerTIMER2B   0x000035a9     0xa  Code  Gb  bsp_int.o [1]
BSP_IntHandlerTIMER3A   0x00003617     0xa  Code  Gb  bsp_int.o [1]
BSP_IntHandlerTIMER3B   0x00003621     0xa  Code  Gb  bsp_int.o [1]
BSP_IntHandlerUART0     0x0000351d     0xa  Code  Gb  bsp_int.o [1]
BSP_IntHandlerUART1     0x00003527     0xa  Code  Gb  bsp_int.o [1]
BSP_IntHandlerUART2     0x00003603     0xa  Code  Gb  bsp_int.o [1]
BSP_IntHandlerUDMA_ERR  0x00003671     0xa  Code  Gb  bsp_int.o [1]
BSP_IntHandlerUDMA_SW   0x00003667     0xa  Code  Gb  bsp_int.o [1]
BSP_IntHandlerUSB       0x0000365d     0xa  Code  Gb  bsp_int.o [1]
BSP_IntHandlerWATCHDOG  0x0000356d     0xa  Code  Gb  bsp_int.o [1]
BSP_IntInit             0x000034d1    0x1a  Code  Gb  bsp_int.o [1]
BSP_IntVectSet          0x000034a9    0x28  Code  Gb  bsp_int.o [1]
BSP_IntVectTbl          0x200059d4   0x118  Data  Lc  bsp_int.o [1]
BSP_LED_Off             0x0000643f    0x38  Code  Gb  bsp_io.o [1]
BSP_LEDsInit            0x0000642d    0x12  Code  Gb  bsp_io.o [1]
BSP_MotorsInit          0x00006589    0xdc  Code  Gb  bsp_motor.o [1]
BSP_PushButtonsInit     0x00006415    0x18  Code  Gb  bsp_io.o [1]
BSP_WheelSensorsInit    0x000064d9    0xa2  Code  Gb  bsp_sensors.o [1]
BumperSensor_go         0x00006b7b    0x68  Code  Gb  BumperSenser.o [1]
BumperSensor_init       0x00006b69    0x12  Code  Gb  BumperSenser.o [1]
BumperSensor_wrapup     0x00006bed     0x2  Code  Gb  BumperSenser.o [1]
CPU_CntLeadZeros        0x00004103          Code  Gb  cpu_a.o [1]
CPU_Init                0x00004119    0x10  Code  Gb  cpu_core.o [1]
CPU_IntDis              0x000040ed          Code  Gb  cpu_a.o [1]
CPU_IntDisMeasCtr       0x20006070     0x2  Data  Gb  cpu_core.o [1]
CPU_IntDisMeasInit      0x00004215    0x78  Code  Lc  cpu_core.o [1]
CPU_IntDisMeasMaxCalc   0x0000428d    0x1a  Code  Lc  cpu_core.o [1]
CPU_IntDisMeasMaxCurGet
                        0x00004173    0x22  Code  Gb  cpu_core.o [1]
CPU_IntDisMeasMaxCurReset
                        0x00004153    0x20  Code  Gb  cpu_core.o [1]
CPU_IntDisMeasMaxCur_cnts
                        0x20005ff0     0x4  Data  Gb  cpu_core.o [1]
CPU_IntDisMeasMax_cnts  0x20005ff4     0x4  Data  Gb  cpu_core.o [1]
CPU_IntDisMeasOvrhd_cnts
                        0x20005fec     0x4  Data  Gb  cpu_core.o [1]
CPU_IntDisMeasStart     0x00004195    0x28  Code  Gb  cpu_core.o [1]
CPU_IntDisMeasStart_cnts
                        0x20005fe4     0x4  Data  Gb  cpu_core.o [1]
CPU_IntDisMeasStop      0x000041bd    0x42  Code  Gb  cpu_core.o [1]
CPU_IntDisMeasStop_cnts
                        0x20005fe8     0x4  Data  Gb  cpu_core.o [1]
CPU_IntDisNestCtr       0x20006072     0x2  Data  Gb  cpu_core.o [1]
CPU_IntEn               0x000040f1          Code  Gb  cpu_a.o [1]
CPU_IntSrcEn            0x00005dd9   0x13c  Code  Gb  cpu_c.o [1]
CPU_Name                0x20005f98    0x10  Data  Gb  cpu_core.o [1]
CPU_NameClr             0x0000412b    0x22  Code  Gb  cpu_core.o [1]
CPU_NameInit            0x000041ff     0x8  Code  Lc  cpu_core.o [1]
CPU_RevBits             0x00004109          Code  Gb  cpu_a.o [1]
CPU_SR_Restore          0x000040fd          Code  Gb  cpu_a.o [1]
CPU_SR_Save             0x000040f5          Code  Gb  cpu_a.o [1]
CPU_SW_Exception        0x00004129     0x2  Code  Gb  cpu_core.o [1]
CPU_TS_Init             0x00004207     0xe  Code  Lc  cpu_core.o [1]
CPU_TS_TmrFreqSet       0x0000414d     0x6  Code  Gb  cpu_core.o [1]
CPU_TS_TmrFreq_Hz       0x20005fe0     0x4  Data  Gb  cpu_core.o [1]
CPU_TS_TmrInit          0x000063e9    0x1c  Code  Gb  cpu_bsp.o [1]
CPU_TS_TmrRd            0x00006405     0x8  Code  Gb  cpu_bsp.o [1]
CPU_WaitForExcept       0x00004113          Code  Gb  cpu_a.o [1]
CPU_WaitForInt          0x0000410f          Code  Gb  cpu_a.o [1]
CSTACK$$Base            0x20006090           --   Gb  - Linker created -
CSTACK$$Limit           0x20006490           --   Gb  - Linker created -
ControlEvalbot_go       0x00006945    0xb6  Code  Gb  ControlEvalbot.o [1]
ControlEvalbot_init     0x0000692d    0x18  Code  Gb  ControlEvalbot.o [1]
ControlEvalbot_wrapup   0x00006a19     0x2  Code  Gb  ControlEvalbot.o [1]
Display_go              0x00006a43    0x5c  Code  Gb  Display.o [1]
Display_init            0x00006a1d    0x26  Code  Gb  Display.o [1]
Display_wrapup          0x00006ac1     0x2  Code  Gb  Display.o [1]
EthernetPHYRead         0x00004bc5    0x20  Code  Gb  ethernet.o [1]
EthernetPHYWrite        0x00004ba5    0x20  Code  Gb  ethernet.o [1]
GPIODirModeSet          0x000050c5    0x46  Code  Gb  gpio.o [1]
GPIOIntTypeSet          0x0000510b    0x5a  Code  Gb  gpio.o [1]
GPIOPadConfigSet        0x00005165   0x10e  Code  Gb  gpio.o [1]
GPIOPinConfigure        0x000052fd    0x48  Code  Gb  gpio.o [1]
GPIOPinIntDisable       0x00005273    0x12  Code  Gb  gpio.o [1]
GPIOPinRead             0x00005285     0x8  Code  Gb  gpio.o [1]
GPIOPinTypeGPIOInput    0x00005297    0x22  Code  Gb  gpio.o [1]
GPIOPinTypeGPIOOutput   0x000052b9    0x22  Code  Gb  gpio.o [1]
GPIOPinTypeI2C          0x000052db    0x22  Code  Gb  gpio.o [1]
GPIOPinWrite            0x0000528d     0xa  Code  Gb  gpio.o [1]
I2CMasterEnable         0x0000505f     0xa  Code  Gb  i2c.o [1]
I2CMasterErr            0x000050a5    0x1e  Code  Gb  i2c.o [1]
I2CMasterInitExpClk     0x00005021    0x3e  Code  Gb  i2c.o [1]
I2CMasterIntStatus      0x00005069    0x26  Code  Gb  i2c.o [1]
I2CMasterSlaveAddrSet   0x00005099     0xc  Code  Gb  i2c.o [1]
Mem_Clr                 0x000043d1    0x12  Code  Gb  lib_mem.o [1]
Mem_Copy                0x0000445f    0xac  Code  Gb  lib_mem.o [1]
Mem_Heap                0x20004a94   0x400  Data  Gb  lib_mem.o [1]
Mem_HeapAlloc           0x0000450b    0xea  Code  Gb  lib_mem.o [1]
Mem_Init                0x00004379    0x58  Code  Gb  lib_mem.o [1]
Mem_PoolHeap            0x20005f34    0x44  Data  Gb  lib_mem.o [1]
Mem_PoolSegAlloc        0x000046bb    0x5a  Code  Lc  lib_mem.o [1]
Mem_PoolSegCalcTotSize  0x00004605    0xb6  Code  Lc  lib_mem.o [1]
Mem_PoolTbl             0x20005ff8     0x4  Data  Gb  lib_mem.o [1]
Mem_Set                 0x000043e3    0x7c  Code  Gb  lib_mem.o [1]
OSCfg_DataSizeRAM       0x00007018     0x4  Data  Gb  os_cfg_app.o [1]
OSCfg_ISRStk            0x20005294   0x200  Data  Gb  os_cfg_app.o [1]
OSCfg_ISRStkBasePtr     0x00006ff4     0x4  Data  Gb  os_cfg_app.o [1]
OSCfg_IdleTaskStk       0x20004e94   0x200  Data  Gb  os_cfg_app.o [1]
OSCfg_IdleTaskStkBasePtr
                        0x00006fd8     0x4  Data  Gb  os_cfg_app.o [1]
OSCfg_IdleTaskStkLimit  0x00006fdc     0x4  Data  Gb  os_cfg_app.o [1]
OSCfg_IdleTaskStkSize   0x00006fe0     0x4  Data  Gb  os_cfg_app.o [1]
OSCfg_IdleTaskStkSizeRAM
                        0x00006fe4     0x4  Data  Gb  os_cfg_app.o [1]
OSCfg_Init              0x00006249   0x11c  Code  Gb  os_cfg_app.o [1]
OSCfg_IntQ              0x20005894   0x140  Data  Gb  os_cfg_app.o [1]
OSCfg_IntQBasePtr       0x00006fe8     0x4  Data  Gb  os_cfg_app.o [1]
OSCfg_IntQSize          0x000036ea     0x2  Data  Gb  os_cfg_app.o [1]
OSCfg_IntQSizeRAM       0x00006fec     0x4  Data  Gb  os_cfg_app.o [1]
OSCfg_IntQTaskStk       0x20005094   0x200  Data  Gb  os_cfg_app.o [1]
OSCfg_IntQTaskStkBasePtr
                        0x00006ff0     0x4  Data  Gb  os_cfg_app.o [1]
OSCfg_MsgPool           0x20004454   0x640  Data  Gb  os_cfg_app.o [1]
OSCfg_MsgPoolBasePtr    0x00006ffc     0x4  Data  Gb  os_cfg_app.o [1]
OSCfg_MsgPoolSize       0x000040ea     0x2  Data  Gb  os_cfg_app.o [1]
OSCfg_MsgPoolSizeRAM    0x00006ff8     0x4  Data  Gb  os_cfg_app.o [1]
OSCfg_StkSizeMin        0x00007000     0x4  Data  Gb  os_cfg_app.o [1]
OSCfg_TickRate_Hz       0x00007004     0x4  Data  Gb  os_cfg_app.o [1]
OSCfg_TickTaskPrio      0x000050c2     0x1  Data  Gb  os_cfg_app.o [1]
OSCfg_TickTaskStk       0x20005494   0x200  Data  Gb  os_cfg_app.o [1]
OSCfg_TickTaskStkBasePtr
                        0x00007008     0x4  Data  Gb  os_cfg_app.o [1]
OSCfg_TickWheel         0x20005e04    0x68  Data  Gb  os_cfg_app.o [1]
OSCfg_TickWheelSize     0x00004116     0x2  Data  Gb  os_cfg_app.o [1]
OSCfg_TickWheelSizeRAM  0x0000700c     0x4  Data  Gb  os_cfg_app.o [1]
OSCfg_TmrTaskPrio       0x000050c3     0x1  Data  Gb  os_cfg_app.o [1]
OSCfg_TmrTaskRate_Hz    0x00007010     0x4  Data  Gb  os_cfg_app.o [1]
OSCfg_TmrTaskStk        0x20005694   0x200  Data  Gb  os_cfg_app.o [1]
OSCfg_TmrTaskStkBasePtr
                        0x00007014     0x4  Data  Gb  os_cfg_app.o [1]
OSCfg_TmrWheel          0x20005e6c    0x68  Data  Gb  os_cfg_app.o [1]
OSFlagCreate            0x0000209d    0xc2  Code  Gb  os_flag.o [1]
OSFlagDel               0x0000215f   0x1f0  Code  Gb  os_flag.o [1]
OSFlagPend              0x0000234f   0x320  Code  Gb  os_flag.o [1]
OSFlagPost              0x0000266f    0x50  Code  Gb  os_flag.o [1]
OSFlagQty               0x2000607a     0x2  Data  Gb  os_var.o [1]
OSIdleTaskCtr           0x20006020     0x4  Data  Gb  os_var.o [1]
OSIdleTaskHook          0x00004be5    0x12  Code  Gb  os_cpu_c.o [1]
OSIdleTaskTCB           0x20005aec    0x88  Data  Gb  os_var.o [1]
OSInit                  0x000036ed    0xfe  Code  Gb  os_core.o [1]
OSInitHook              0x00004bf7    0x14  Code  Gb  os_cpu_c.o [1]
OSIntEnter              0x000037eb    0x24  Code  Gb  os_core.o [1]
OSIntExit               0x0000380f    0xb2  Code  Gb  os_core.o [1]
OSIntNestingCtr         0x20006082     0x1  Data  Gb  os_var.o [1]
OSIntQInPtr             0x20006024     0x4  Data  Gb  os_var.o [1]
OSIntQMaxNbrEntries     0x20006076     0x2  Data  Gb  os_var.o [1]
OSIntQNbrEntries        0x20006074     0x2  Data  Gb  os_var.o [1]
OSIntQOutPtr            0x20006028     0x4  Data  Gb  os_var.o [1]
OSIntQOvfCtr            0x20006078     0x2  Data  Gb  os_var.o [1]
OSIntQTaskTCB           0x20005b74    0x88  Data  Gb  os_var.o [1]
OSIntQTaskTimeMax       0x2000602c     0x4  Data  Gb  os_var.o [1]
OSMemQty                0x2000607c     0x2  Data  Gb  os_var.o [1]
OSMsgPool               0x20005fb4     0x8  Data  Gb  os_var.o [1]
OSMutexCreate           0x0000159d    0x64  Code  Gb  os_mutex.o [1]
OSMutexDel              0x00001601   0x2ae  Code  Gb  os_mutex.o [1]
OSMutexPend             0x000018af   0x282  Code  Gb  os_mutex.o [1]
OSMutexPost             0x00001b31   0x1b6  Code  Gb  os_mutex.o [1]
OSMutexQty              0x2000607e     0x2  Data  Gb  os_var.o [1]
OSPrioCur               0x20006084     0x1  Data  Gb  os_var.o [1]
OSPrioHighRdy           0x20006085     0x1  Data  Gb  os_var.o [1]
OSPrioSaved             0x20006086     0x1  Data  Gb  os_var.o [1]
OSPrioTbl               0x20006000     0x4  Data  Gb  os_prio.o [1]
OSRdyList               0x20005ed4    0x60  Data  Gb  os_var.o [1]
OSRunning               0x20006083     0x1  Data  Gb  os_var.o [1]
OSSched                 0x000038c1    0x78  Code  Gb  os_core.o [1]
OSSchedLock             0x00003939    0x64  Code  Gb  os_core.o [1]
OSSchedLockNestingCtr   0x20006087     0x1  Data  Gb  os_var.o [1]
OSSchedUnlock           0x0000399d    0x84  Code  Gb  os_core.o [1]
OSStart                 0x00003a21    0x64  Code  Gb  os_core.o [1]
OSStartHighRdy          0x00006365          Code  Gb  os_cpu_a.o [1]
OSTCBCurPtr             0x2000604c     0x4  Data  Gb  os_var.o [1]
OSTCBHighRdyPtr         0x20006050     0x4  Data  Gb  os_var.o [1]
OSTaskChangePrio        0x00002959   0x178  Code  Gb  os_task.o [1]
OSTaskCreate            0x00002ad1   0x1c6  Code  Gb  os_task.o [1]
OSTaskCreateHook        0x00004c0b    0x16  Code  Gb  os_cpu_c.o [1]
OSTaskCtxSwCtr          0x20006030     0x4  Data  Gb  os_var.o [1]
OSTaskDel               0x00002c97   0x18a  Code  Gb  os_task.o [1]
OSTaskDelHook           0x00004c21    0x16  Code  Gb  os_cpu_c.o [1]
OSTaskQty               0x20006080     0x2  Data  Gb  os_var.o [1]
OSTaskReturnHook        0x00004c37    0x16  Code  Gb  os_cpu_c.o [1]
OSTaskSemPend           0x00002e21   0x16e  Code  Gb  os_task.o [1]
OSTaskStkInit           0x00004c4d    0x84  Code  Gb  os_cpu_c.o [1]
OSTaskSwHook            0x00004cd1    0x2c  Code  Gb  os_cpu_c.o [1]
OSTickCtr               0x20006034     0x4  Data  Gb  os_var.o [1]
OSTickTaskTCB           0x20005bfc    0x88  Data  Gb  os_var.o [1]
OSTickTaskTimeMax       0x20006038     0x4  Data  Gb  os_var.o [1]
OSTimeGet               0x00004e2d    0x28  Code  Gb  os_time.o [1]
OSTimeTick              0x00004e55    0x34  Code  Gb  os_time.o [1]
OSTimeTickHook          0x00004cfd    0x12  Code  Gb  os_cpu_c.o [1]
OSTmrTaskTCB            0x20005c84    0x88  Data  Gb  os_var.o [1]
OSTmrTaskTimeMax        0x2000603c     0x4  Data  Gb  os_var.o [1]
OSTmrTickCtr            0x20006040     0x4  Data  Gb  os_var.o [1]
OSTmrUpdateCnt          0x20006044     0x4  Data  Gb  os_var.o [1]
OSTmrUpdateCtr          0x20006048     0x4  Data  Gb  os_var.o [1]
OS_AppIdleTaskHookPtr   0x20006010     0x4  Data  Gb  os_var.o [1]
OS_AppStatTaskHookPtr   0x20006014     0x4  Data  Gb  os_var.o [1]
OS_AppTaskCreateHookPtr
                        0x20006004     0x4  Data  Gb  os_var.o [1]
OS_AppTaskDelHookPtr    0x20006008     0x4  Data  Gb  os_var.o [1]
OS_AppTaskReturnHookPtr
                        0x2000600c     0x4  Data  Gb  os_var.o [1]
OS_AppTaskSwHookPtr     0x20006018     0x4  Data  Gb  os_var.o [1]
OS_AppTimeTickHookPtr   0x2000601c     0x4  Data  Gb  os_var.o [1]
OS_CPU_ExceptStkBase    0x20005ffc     0x4  Data  Gb  os_cpu_c.o [1]
OS_CPU_PendSVHandler    0x00006383          Code  Gb  os_cpu_a.o [1]
OS_CPU_SysTickHandler   0x00004d0f    0x2c  Code  Gb  os_cpu_c.o [1]
OS_CPU_SysTickInit      0x00004d3b    0x2e  Code  Gb  os_cpu_c.o [1]
OS_FlagBlock            0x000026bf    0x36  Code  Gb  os_flag.o [1]
OS_FlagClr              0x000026f5    0x1e  Code  Gb  os_flag.o [1]
OS_FlagInit             0x00002713     0xc  Code  Gb  os_flag.o [1]
OS_FlagPost             0x0000271f   0x1c0  Code  Gb  os_flag.o [1]
OS_FlagTaskRdy          0x00002901    0x58  Code  Gb  os_flag.o [1]
OS_IdleTask             0x00003a85    0x2c  Code  Gb  os_core.o [1]
OS_IdleTaskInit         0x00003ab1    0x52  Code  Gb  os_core.o [1]
OS_IntQPost             0x0000534d    0xd6  Code  Gb  os_int.o [1]
OS_IntQRePost           0x00005423   0x102  Code  Gb  os_int.o [1]
OS_IntQTask             0x00005525    0x84  Code  Gb  os_int.o [1]
OS_IntQTaskInit         0x000055a9    0xe6  Code  Gb  os_int.o [1]
OS_MemInit              0x00005f25     0xc  Code  Gb  os_mem.o [1]
OS_MsgPoolCreate        0x00005705    0x42  Code  Gb  os_msg.o [1]
OS_MsgPoolInit          0x00005747    0x2c  Code  Gb  os_msg.o [1]
OS_MsgQFreeAll          0x00005773    0x4c  Code  Gb  os_msg.o [1]
OS_MsgQInit             0x000057bf    0x14  Code  Gb  os_msg.o [1]
OS_MsgQPut              0x000057d3    0xde  Code  Gb  os_msg.o [1]
OS_MutexClr             0x00001ce7    0x26  Code  Gb  os_mutex.o [1]
OS_MutexInit            0x00001d0d     0xc  Code  Gb  os_mutex.o [1]
OS_Pend                 0x00003b03    0x6a  Code  Gb  os_core.o [1]
OS_PendDataInit         0x00003b6d    0x36  Code  Gb  os_core.o [1]
OS_PendListChangePrio   0x00003ba3    0x46  Code  Gb  os_core.o [1]
OS_PendListInit         0x00003be9     0xe  Code  Gb  os_core.o [1]
OS_PendListInsertPrio   0x00003bf7    0x7a  Code  Gb  os_core.o [1]
OS_PendListRemove       0x00003c71    0x38  Code  Gb  os_core.o [1]
OS_PendListRemove1      0x00003ca9    0x54  Code  Gb  os_core.o [1]
OS_PendObjDel           0x00003cfd    0xa8  Code  Gb  os_core.o [1]
OS_PendObjDel1          0x00003da5    0x26  Code  Gb  os_core.o [1]
OS_Post                 0x00003dcb    0xcc  Code  Gb  os_core.o [1]
OS_Post1                0x00003e97    0x2c  Code  Gb  os_core.o [1]
OS_PrioGetHighest       0x00004f97    0x26  Code  Gb  os_prio.o [1]
OS_PrioInit             0x00004f81    0x16  Code  Gb  os_prio.o [1]
OS_PrioInsert           0x00004fbd    0x30  Code  Gb  os_prio.o [1]
OS_PrioRemove           0x00004fed    0x30  Code  Gb  os_prio.o [1]
OS_RdyListInit          0x00003ec3    0x28  Code  Gb  os_core.o [1]
OS_RdyListInsert        0x00003eeb    0x28  Code  Gb  os_core.o [1]
OS_RdyListInsertHead    0x00003f13    0x42  Code  Gb  os_core.o [1]
OS_RdyListInsertTail    0x00003f55    0x40  Code  Gb  os_core.o [1]
OS_RdyListRemove        0x00003f95    0x62  Code  Gb  os_core.o [1]
OS_Sched0               0x00003ff7    0x30  Code  Gb  os_core.o [1]
OS_TaskBlock            0x00004095    0x3c  Code  Gb  os_core.o [1]
OS_TaskInit             0x00002fa1    0x14  Code  Gb  os_task.o [1]
OS_TaskInitTCB          0x00002fc1    0xc4  Code  Gb  os_task.o [1]
OS_TaskQPost            0x0000308d   0x1ce  Code  Gb  os_task.o [1]
OS_TaskRdy              0x000040d1    0x1a  Code  Gb  os_core.o [1]
OS_TaskReturn           0x0000325b    0x14  Code  Gb  os_task.o [1]
OS_TaskSemPost          0x00003275   0x202  Code  Gb  os_task.o [1]
OS_TickListInit         0x0000595d    0x2e  Code  Gb  os_tick.o [1]
OS_TickListInsert       0x0000598b   0x1e8  Code  Gb  os_tick.o [1]
OS_TickListRemove       0x00005b73    0x4e  Code  Gb  os_tick.o [1]
OS_TickListUpdate       0x00005bc1   0x1da  Code  Gb  os_tick.o [1]
OS_TickTask             0x000058c1    0x28  Code  Gb  os_tick.o [1]
OS_TickTaskInit         0x000058e9    0x74  Code  Gb  os_tick.o [1]
OS_TmrInit              0x00005f39    0xda  Code  Gb  os_tmr.o [1]
OS_TmrLink              0x00006013    0xdc  Code  Gb  os_tmr.o [1]
OS_TmrTask              0x0000614d    0xc0  Code  Gb  os_tmr.o [1]
OS_TmrUnlink            0x000060ef    0x5a  Code  Gb  os_tmr.o [1]
PWMGenConfigure         0x00006683    0x28  Code  Gb  pwm.o [1]
PWMGenEnable            0x000066bf     0xa  Code  Gb  pwm.o [1]
PWMGenPeriodSet         0x000066ab    0x14  Code  Gb  pwm.o [1]
PWMOutputState          0x000066ef    0x16  Code  Gb  pwm.o [1]
PWMPulseWidthSet        0x000066c9    0x26  Code  Gb  pwm.o [1]
Region$$Table$$Base     0x00006d30           --   Gb  - Linker created -
Region$$Table$$Limit    0x00006d5c           --   Gb  - Linker created -
Str_Cmp                 0x00004e99    0x1a  Code  Gb  lib_str.o [1]
Str_Cmp_N               0x00004eb3    0xce  Code  Gb  lib_str.o [1]
SysCtlClockGet          0x0000492b   0x200  Code  Gb  sysctl.o [1]
SysCtlClockSet          0x000047c9   0x162  Code  Gb  sysctl.o [1]
SysCtlDelay             0x000047c1     0x8  Code  Gb  sysctl.o [1]
SysCtlPWMClockSet       0x00004b2b    0x10  Code  Gb  sysctl.o [1]
SysCtlPeripheralDeepSleepDisable
                        0x0000479b    0x26  Code  Gb  sysctl.o [1]
SysCtlPeripheralEnable  0x00004775    0x26  Code  Gb  sysctl.o [1]
SysCtlPeripheralReset   0x00004715    0x60  Code  Gb  sysctl.o [1]
__cmain                 0x00006e09          Code  Gb  cmain.o [5]
__data_Aldata           0x20005fbc     0x8  Data  Gb  xxmemxmalloc.o [3]
__exit                  0x00006705    0x14  Code  Gb  exit.o [6]
__iar_close_ttio        0x00006719    0x2e  Code  Gb  iarttio.o [6]
__iar_data_init3        0x00006ce5    0x28  Code  Gb  data_init3.o [5]
__iar_lookup_ttioh      0x00006749     0x8  Code  Gb  XShttio.o [3]
__iar_packbits_init3    0x00006ac3    0xa6  Code  Gb  packbits_init3.o [5]
__iar_program_start     0x00006f7d          Code  Gb  cstartup_M.o [5]
__iar_ttio_handles      0x20003448     0x8  Data  Lc  XShttio.o [3]
__iar_zero_init3        0x0000157b    0x22  Code  Gb  zero_init3.o [5]
__vector_table          0x00000000   0x11c  Data  Gb  app_vect.o [1]
_call_main              0x00006e15          Code  Gb  cmain.o [5]
_exit                   0x00006679          Code  Gb  cexit.o [5]
_main                   0x00006e1b          Code  Gb  cmain.o [5]
addressmap              0x2000340c    0x28  Data  Gb  proc.o [1]
all_control_tasks_initiated
                        0x20006088     0x1  Data  Lc  proc.o [1]
all_threads_created     0x20006089     0x1  Data  Lc  proc.o [1]
bumpStatus              0x20005fd0     0x4  Data  Lc  ControlEvalbot.o [1]
channel_empty           0x2000608a     0x1  Data  Lc  proc.o [1]
channels                0x20003324    0x84  Data  Gb  proc.o [1]
cic_task_notify         0x000004c9   0x158  Code  Lc  proc.o [1]
cic_task_sleep          0x000002fb   0x1ce  Code  Lc  proc.o [1]
control_channel         0x200033a8    0x64  Data  Lc  proc.o [1]
control_task_count      0x20006058     0x4  Data  Lc  proc.o [1]
control_task_count_lock
                        0x20005f78    0x20  Data  Lc  proc.o [1]
control_task_total_count
                        0x20006054     0x4  Data  Lc  proc.o [1]
execute_tasks           0x00000c5f   0x184  Code  Lc  proc.o [1]
exit                    0x00004e29     0x4  Code  Gb  exit.o [3]
exit_signal             0x2000605c     0x4  Data  Lc  proc.o [1]
find_task               0x00000ea1    0x4a  Code  Lc  proc.o [1]
free                    0x00004da9    0x7a  Code  Gb  xxmemxfree.o [3]
g_pucFont               0x00006750   0x1dc  Data  Lc  bsp_display.o [1]
g_pucRITInit            0x00006c4c    0x50  Data  Lc  bsp_display.o [1]
g_pucRow1               0x00006fa0     0x8  Data  Lc  bsp_display.o [1]
g_pucRow2               0x00006fa8     0x8  Data  Lc  bsp_display.o [1]
g_pulDCGCRegs           0x00006f64     0xc  Data  Lc  sysctl.o [1]
g_pulGPIOBaseAddrs      0x00006c9c    0x48  Data  Lc  gpio.o [1]
g_pulRCGCRegs           0x00006f58     0xc  Data  Lc  sysctl.o [1]
g_pulSRCRRegs           0x00006f4c     0xc  Data  Lc  sysctl.o [1]
g_pulXtals              0x00006bf0    0x5c  Data  Lc  sysctl.o [1]
g_ucColumnAdjust        0x20003450     0x4  Data  Lc  bsp_display.o [1]
g_ulDelay               0x20005fdc     0x4  Data  Lc  bsp_display.o [1]
get_control_channel_index
                        0x000011db    0x28  Code  Lc  proc.o [1]
get_current_time_base   0x000011c9    0x12  Code  Gb  proc.o [1]
get_param_int           0x000013d1    0x7c  Code  Gb  proc.o [1]
get_task_id             0x00000e5f    0x3a  Code  Lc  proc.o [1]
get_timer_alarmed       0x000014bd    0x4e  Code  Gb  proc.o [1]
get_valid_timer_slot_id
                        0x00001209    0xd2  Code  Lc  proc.o [1]
init_channel            0x0000095d    0xe8  Code  Lc  proc.o [1]
init_libs               0x00000a85     0x2  Code  Lc  proc.o [1]
init_peripherals        0x00000621    0x64  Code  Lc  proc.o [1]
init_task_channel       0x00000881    0xdc  Code  Lc  proc.o [1]
init_task_port          0x00000ded    0x72  Code  Gb  proc.o [1]
interrupt_send          0x000002dd    0x1e  Code  Lc  proc.o [1]
main                    0x00000289    0x54  Code  Gb  proc.o [1]
mtms                    0x20005d94    0x70  Data  Gb  proc.o [1]
my_cond_init            0x000001bb    0x2a  Code  Lc  proc.o [1]
my_cond_wrapup          0x000001e5    0x26  Code  Lc  proc.o [1]
my_mutex_init           0x0000016d    0x28  Code  Lc  proc.o [1]
my_mutex_lock           0x0000011d    0x2a  Code  Lc  proc.o [1]
my_mutex_unlock         0x00000147    0x26  Code  Lc  proc.o [1]
my_mutex_wrapup         0x00000195    0x26  Code  Lc  proc.o [1]
my_thread_cancel        0x00000265    0x24  Code  Lc  proc.o [1]
my_thread_create        0x0000020b    0x5a  Code  Lc  proc.o [1]
num_time_task           0x20006064     0x4  Data  Lc  proc.o [1]
param_list              0x20003434    0x14  Data  Lc  proc.o [1]
port_bumpIn             0x20005fc8     0x4  Data  Lc  ControlEvalbot.o [1]
port_out                0x20005fc4     0x4  Data  Lc  BumperSenser.o [1]
port_out                0x20005fd4     0x4  Data  Lc  Display.o [1]
read_port               0x00000f25   0x148  Code  Gb  proc.o [1]
read_waiting_list       0x20006068     0x4  Data  Lc  proc.o [1]
run_task                0x000012f1    0xc0  Code  Gb  proc.o [1]
set_param_int           0x00001451    0x5a  Code  Gb  proc.o [1]
set_timer               0x0000150b    0x3e  Code  Gb  proc.o [1]
state                   0x20005fcc     0x4  Data  Lc  ControlEvalbot.o [1]
target_dependent_init   0x00000685    0xce  Code  Lc  proc.o [1]
target_dependent_wrapup
                        0x00000753    0x7a  Code  Lc  proc.o [1]
task_routine            0x00000a89   0x1d6  Code  Lc  proc.o [1]
task_waiting_list       0x20005fa8     0xc  Data  Lc  proc.o [1]
tasks                   0x20000000  0x3324  Data  Gb  proc.o [1]
time_task_count         0x20006060     0x4  Data  Lc  proc.o [1]
wait_data_tasks_end     0x000007cd    0xb4  Code  Lc  proc.o [1]
wrapup_channel          0x00000a45    0x40  Code  Lc  proc.o [1]
wrapup_libs             0x00000a87     0x2  Code  Lc  proc.o [1]
write_one_port          0x0000107d   0x118  Code  Gb  proc.o [1]
write_port              0x00001195    0x34  Code  Gb  proc.o [1]
write_waiting_list      0x2000606c     0x4  Data  Lc  proc.o [1]


[1] = C:\Users\jhw7884\Desktop\test_1\Software\EvalBoards\TI\LM3S9B92-EVALBOT\IAR\uCOS-III-App\Flash\Obj
[2] = command line
[3] = dl7M_tln.a
[4] = m7M_tl.a
[5] = rt7M_tl.a
[6] = shb_l.a

  26 948 bytes of readonly  code memory
   2 159 bytes of readonly  data memory
  25 739 bytes of readwrite data memory

Errors: none
Warnings: none
